=== FOUND 3 PENDING JOBS ===
Job 1: ID=Some(25), Type=Import, Unit=9dc3ee44-6d8c-487c-b391-28dff623c734, Files=2
Job 2: ID=Some(26), Type=Thumbnail, Unit=9dc3ee44-6d8c-487c-b391-28dff623c734, Files=2
Job 3: ID=Some(27), Type=CreateDb, Unit=9dc3ee44-6d8c-487c-b391-28dff623c734, Files=2
=== STARTING JOB PROCESSING ===
Job ID: 25
Job Type: Import
Job Unit ID: 9dc3ee44-6d8c-487c-b391-28dff623c734
=== STARTING JOB PROCESSING ===
Job ID: 26
Target files count: 2
Job Type: Thumbnail
Job Unit ID: 9dc3ee44-6d8c-487c-b391-28dff623c734
=== STARTING JOB PROCESSING ===
Job ID: 27
Job Type: CreateDb
Job Unit ID: 9dc3ee44-6d8c-487c-b391-28dff623c734
Target files count: 2
Target files count: 2
  Target file 1: /home/ktat/ダウンロード/IMG_20250710_190245626.jpg
  Target file 2: /home/ktat/ダウンロード/icon.png
==============================
Updating job 25 status to running...
  Target file 1: /home/ktat/ダウンロード/IMG_20250710_190245626.jpg
  Target file 2: /home/ktat/ダウンロード/icon.png
==============================
Updating job 26 status to running...
  Target file 1: /home/ktat/ダウンロード/IMG_20250710_190245626.jpg
  Target file 2: /home/ktat/ダウンロード/icon.png
==============================
Updating job 27 status to running...
Job 27 status updated to running successfully
Starting job execution for job 27 (type: CreateDb)
Calling process_create_db_job for job 27
Processing create_db job for 2 files
thread '<unnamed>' panicked at src/value/date.rs:57:18:
invalid date_str as year: ktat
Job 25 status updated to running successfully
Starting job execution for job 25 (type: Import)
Calling process_import_job for job 25
=== IMPORT JOB EXECUTION START ===
Import job for 2 files
Getting app state and configuration...
Configuration loaded:
  Destination directory: /mnt/picture/00 pictures
  Trash path: /mnt/picture/.photoclove_trash/
Emitting import progress event...
Import progress event emitted successfully
Starting to process 2 files for import
--- Processing file 1 of 2 ---
Source file: /home/ktat/ダウンロード/IMG_20250710_190245626.jpg
Creating file and photo objects...
Loading EXIF data...
EXIF tag 2 2 (GPS latitude), expected format 5 (URational), found 10 (IRational)
EXIF tag 4 4 (GPS longitude), expected format 5 (URational), found 10 (IRational)
EXIF tag 2 2 (GPS latitude), expected format 5 (URational), found 10 (IRational)
EXIF tag 4 4 (GPS longitude), expected format 5 (URational), found 10 (IRational)
EXIF data loaded successfully
Source directory: /home/ktat/ダウンロード
Getting or creating UUID for source directory...
UUID: a7aa4e8f-b1db-430a-9388-afe52687ab93
Determining date from photo...
Job 25 execution completed with result: false
Job 26 status updated to running successfully
Starting job execution for job 26 (type: Thumbnail)
Calling process_thumbnail_job for job 26
Processing thumbnail job for 2 files
thread '<unnamed>' panicked at src/value/date.rs:57:18:
invalid date_str as year: ktat
Job 25 failed: Cannot determine date for photo: /home/ktat/ダウンロード/IMG_20250710_190245626.jpg
Job thread panicked: Any { .. }
Job thread panicked: Any { .. }
Background processing loop iteration #40
